ARM Linker, 5.03 [Build 24] [MDK-ARM Standard]

==============================================================================

Section Cross References

    system_stm32f10x.o(.text) refers to system_stm32f10x.o(.data) for SystemCoreClock
    startup_stm32f10x_hd.o(RESET) refers to startup_stm32f10x_hd.o(STACK) for __initial_sp
    startup_stm32f10x_hd.o(RESET) refers to startup_stm32f10x_hd.o(.text) for Reset_Handler
    startup_stm32f10x_hd.o(RESET) refers to stm32f10x_it.o(.text) for NMI_Handler
    startup_stm32f10x_hd.o(RESET) refers to port.o(.emb_text) for SVC_Handler
    startup_stm32f10x_hd.o(RESET) refers to port.o(.text) for SysTick_Handler
    startup_stm32f10x_hd.o(.text) refers to system_stm32f10x.o(.text) for SystemInit
    startup_stm32f10x_hd.o(.text) refers to entry.o(.ARM.Collect$$$$00000000) for __main
    stm32f10x_adc.o(.text) refers to stm32f10x_rcc.o(.text) for RCC_APB2PeriphResetCmd
    stm32f10x_bkp.o(.text) refers to stm32f10x_rcc.o(.text) for RCC_BackupResetCmd
    stm32f10x_can.o(.text) refers to stm32f10x_rcc.o(.text) for RCC_APB1PeriphResetCmd
    stm32f10x_cec.o(.text) refers to stm32f10x_rcc.o(.text) for RCC_APB1PeriphResetCmd
    stm32f10x_dac.o(.text) refers to stm32f10x_rcc.o(.text) for RCC_APB1PeriphResetCmd
    stm32f10x_gpio.o(.text) refers to stm32f10x_rcc.o(.text) for RCC_APB2PeriphResetCmd
    stm32f10x_i2c.o(.text) refers to stm32f10x_rcc.o(.text) for RCC_APB1PeriphResetCmd
    stm32f10x_pwr.o(.text) refers to stm32f10x_rcc.o(.text) for RCC_APB1PeriphResetCmd
    stm32f10x_rcc.o(.text) refers to stm32f10x_rcc.o(.data) for APBAHBPrescTable
    stm32f10x_spi.o(.text) refers to stm32f10x_rcc.o(.text) for RCC_APB2PeriphResetCmd
    stm32f10x_tim.o(.text) refers to stm32f10x_rcc.o(.text) for RCC_APB2PeriphResetCmd
    stm32f10x_usart.o(.text) refers to stm32f10x_rcc.o(.text) for RCC_APB2PeriphResetCmd
    stm32f10x_wwdg.o(.text) refers to stm32f10x_rcc.o(.text) for RCC_APB1PeriphResetCmd
    port.o(.emb_text) refers to tasks.o(.text) for vTaskSwitchContext
    port.o(.emb_text) refers to tasks.o(.data) for pxCurrentTCB
    port.o(.text) refers to port.o(.emb_text) for __asm___6_port_c_39a90d8d__prvStartFirstTask
    port.o(.text) refers to tasks.o(.text) for xTaskIncrementTick
    port.o(.text) refers to port.o(.data) for uxCriticalNesting
    heap_2.o(.text) refers to tasks.o(.text) for vTaskSuspendAll
    heap_2.o(.text) refers to heap_2.o(.bss) for ucHeap
    heap_2.o(.text) refers to heap_2.o(.data) for xStart
    queue.o(.text) refers to port.o(.text) for vPortEnterCritical
    queue.o(.text) refers to tasks.o(.text) for xTaskRemoveFromEventList
    queue.o(.text) refers to list.o(.text) for vListInitialise
    queue.o(.text) refers to heap_2.o(.text) for pvPortMalloc
    queue.o(.text) refers to memcpya.o(.text) for __aeabi_memcpy
    tasks.o(.text) refers to list.o(.text) for vListInitialise
    tasks.o(.text) refers to port.o(.text) for vPortEnterCritical
    tasks.o(.text) refers to heap_2.o(.text) for pvPortMalloc
    tasks.o(.text) refers to main.o(.text) for vApplicationTickHook
    tasks.o(.text) refers to tasks.o(.bss) for pxReadyTasksLists
    tasks.o(.text) refers to tasks.o(.data) for pxDelayedTaskList
    apilib.o(.text) refers to stm32f10x_usart.o(.text) for USART_ITConfig
    apilib.o(.text) refers to main.o(.bss) for mMaininf
    apilib.o(.text) refers to stm32f10x_gpio.o(.text) for GPIO_ReadInputDataBit
    apilib.o(.text) refers to tasks.o(.text) for vTaskDelay
    apilib.o(.text) refers to port.o(.text) for vPortEnterCritical
    apilib.o(.text) refers to stm32f10x_tim.o(.text) for TIM_Cmd
    apilib.o(.text) refers to bsp.o(.text) for TIM1_PWM_Configure
    tk_timercontroller.o(.text) refers to stm32f10x_gpio.o(.text) for GPIO_ReadInputDataBit
    tk_timercontroller.o(.text) refers to apilib.o(.text) for api_GetCurrentSystemTime
    tk_timercontroller.o(.text) refers to stm32f10x_iwdg.o(.text) for IWDG_ReloadCounter
    tk_timercontroller.o(.text) refers to tasks.o(.text) for vTaskDelay
    tk_timercontroller.o(.text) refers to main.o(.bss) for mMaininf
    tk_testcontroller.o(.text) refers to apilib.o(.text) for api_UART1_MainBoard_SendCMDData
    tk_testcontroller.o(.text) refers to tasks.o(.text) for vTaskDelay
    tk_testcontroller.o(.text) refers to stm32f10x_iwdg.o(.text) for IWDG_ReloadCounter
    tk_testcontroller.o(.text) refers to main.o(.bss) for mMaininf
    bsp.o(.text) refers to misc.o(.text) for NVIC_PriorityGroupConfig
    bsp.o(.text) refers to stm32f10x_rcc.o(.text) for RCC_HSICmd
    bsp.o(.text) refers to stm32f10x_gpio.o(.text) for GPIO_PinRemapConfig
    bsp.o(.text) refers to stm32f10x_iwdg.o(.text) for IWDG_WriteAccessCmd
    bsp.o(.text) refers to stm32f10x_tim.o(.text) for TIM_TimeBaseInit
    bsp.o(.text) refers to bsp.o(.data) for HSEStartUpStatus
    bsp.o(.text) refers to system_stm32f10x.o(.data) for SystemCoreClock
    bsp.o(.text) refers to stm32f10x_usart.o(.text) for USART_Init
    bsp.o(.text) refers to stm32f10x_dma.o(.text) for DMA_DeInit
    bsp.o(.text) refers to stm32f10x_adc.o(.text) for ADC_Init
    bsp.o(.text) refers to memseta.o(.text) for __aeabi_memclr4
    bsp.o(.text) refers to main.o(.bss) for ADCValue
    main.o(.text) refers to tasks.o(.text) for xTaskCreate
    main.o(.text) refers to bsp.o(.text) for prvSetupHardware
    main.o(.text) refers to apilib.o(.text) for api_Led_Control
    main.o(.text) refers to main.o(.data) for xTaskTimer
    main.o(.text) refers to tk_timercontroller.o(.text) for TK_TimerController
    main.o(.text) refers to tk_testcontroller.o(.text) for TK_TestController
    main.o(.text) refers to main.o(.bss) for mMaininf
    stm32f10x_it.o(.text) refers to stm32f10x_tim.o(.text) for TIM_GetITStatus
    stm32f10x_it.o(.text) refers to main.o(.bss) for mMaininf
    stm32f10x_it.o(.text) refers to ffltui.o(.text) for __aeabi_ui2f
    stm32f10x_it.o(.text) refers to fdiv.o(.text) for __aeabi_fdiv
    stm32f10x_it.o(.text) refers to fmul.o(.text) for __aeabi_fmul
    stm32f10x_it.o(.text) refers to ffixui.o(.text) for __aeabi_f2uiz
    stm32f10x_it.o(.text) refers to stm32f10x_usart.o(.text) for USART_GetITStatus
    stm32f10x_it.o(.text) refers to apilib.o(.text) for api_UART1_ReceiveData
    entry.o(.ARM.Collect$$$$00000000) refers (Special) to entry10a.o(.ARM.Collect$$$$0000000D) for __rt_final_cpp
    entry.o(.ARM.Collect$$$$00000000) refers (Special) to entry11a.o(.ARM.Collect$$$$0000000F) for __rt_final_exit
    entry.o(.ARM.Collect$$$$00000000) refers (Special) to entry7b.o(.ARM.Collect$$$$00000008) for _main_clock
    entry.o(.ARM.Collect$$$$00000000) refers (Special) to entry8b.o(.ARM.Collect$$$$0000000A) for _main_cpp_init
    entry.o(.ARM.Collect$$$$00000000) refers (Special) to entry9a.o(.ARM.Collect$$$$0000000B) for _main_init
    entry.o(.ARM.Collect$$$$00000000) refers (Special) to entry5.o(.ARM.Collect$$$$00000004) for _main_scatterload
    entry.o(.ARM.Collect$$$$00000000) refers (Special) to entry2.o(.ARM.Collect$$$$00000001) for _main_stk
    fmul.o(.text) refers (Special) to iusefp.o(.text) for __I$use$fp
    fdiv.o(.text) refers (Special) to iusefp.o(.text) for __I$use$fp
    fdiv.o(.text) refers to fepilogue.o(.text) for _float_round
    ffltui.o(.text) refers (Special) to iusefp.o(.text) for __I$use$fp
    ffltui.o(.text) refers to fepilogue.o(.text) for _float_epilogue
    ffixui.o(.text) refers (Special) to iusefp.o(.text) for __I$use$fp
    entry2.o(.ARM.Collect$$$$00000001) refers to entry2.o(.ARM.Collect$$$$00002712) for __lit__00000000
    entry2.o(.ARM.Collect$$$$00002712) refers to startup_stm32f10x_hd.o(STACK) for __initial_sp
    entry2.o(__vectab_stack_and_reset_area) refers to startup_stm32f10x_hd.o(STACK) for __initial_sp
    entry2.o(__vectab_stack_and_reset_area) refers to entry.o(.ARM.Collect$$$$00000000) for __main
    entry5.o(.ARM.Collect$$$$00000004) refers to init.o(.text) for __scatterload
    entry9a.o(.ARM.Collect$$$$0000000B) refers to main.o(.text) for main
    entry9b.o(.ARM.Collect$$$$0000000C) refers to main.o(.text) for main
    init.o(.text) refers to entry5.o(.ARM.Collect$$$$00000004) for __main_after_scatterload


==============================================================================

Removing Unused input sections from the image.

    Removing core_cm3.o(.emb_text), (32 bytes).
    Removing startup_stm32f10x_hd.o(HEAP), (512 bytes).
    Removing stm32f10x_bkp.o(.text), (196 bytes).
    Removing stm32f10x_can.o(.text), (2536 bytes).
    Removing stm32f10x_cec.o(.text), (288 bytes).
    Removing stm32f10x_crc.o(.text), (72 bytes).
    Removing stm32f10x_dac.o(.text), (396 bytes).
    Removing stm32f10x_dbgmcu.o(.text), (48 bytes).
    Removing stm32f10x_exti.o(.text), (284 bytes).
    Removing stm32f10x_flash.o(.text), (1468 bytes).
    Removing stm32f10x_fsmc.o(.text), (1560 bytes).
    Removing stm32f10x_i2c.o(.text), (1028 bytes).
    Removing stm32f10x_pwr.o(.text), (204 bytes).
    Removing stm32f10x_rtc.o(.text), (324 bytes).
    Removing stm32f10x_sdio.o(.text), (472 bytes).
    Removing stm32f10x_spi.o(.text), (780 bytes).
    Removing stm32f10x_wwdg.o(.text), (136 bytes).
    Removing queue.o(.text), (2132 bytes).
    Removing apilib.o(.data), (1 bytes).
    Removing tk_timercontroller.o(.data), (17 bytes).
    Removing tk_testcontroller.o(.data), (2 bytes).
    Removing tk_displaycontroller.o(.text), (2 bytes).
    Removing timer.o(.text), (144 bytes).

23 unused section(s) (total 12634 bytes) removed from the image.

==============================================================================

Image Symbol Table

    Local Symbols

    Symbol Name                              Value     Ov Type        Size  Object(Section)

    ../clib/microlib/init/entry.s            0x00000000   Number         0  entry8b.o ABSOLUTE
    ../clib/microlib/init/entry.s            0x00000000   Number         0  entry8a.o ABSOLUTE
    ../clib/microlib/init/entry.s            0x00000000   Number         0  entry7a.o ABSOLUTE
    ../clib/microlib/init/entry.s            0x00000000   Number         0  entry2.o ABSOLUTE
    ../clib/microlib/init/entry.s            0x00000000   Number         0  entry5.o ABSOLUTE
    ../clib/microlib/init/entry.s            0x00000000   Number         0  entry7b.o ABSOLUTE
    ../clib/microlib/init/entry.s            0x00000000   Number         0  entry9a.o ABSOLUTE
    ../clib/microlib/init/entry.s            0x00000000   Number         0  entry9b.o ABSOLUTE
    ../clib/microlib/init/entry.s            0x00000000   Number         0  entry10a.o ABSOLUTE
    ../clib/microlib/init/entry.s            0x00000000   Number         0  entry.o ABSOLUTE
    ../clib/microlib/init/entry.s            0x00000000   Number         0  entry10b.o ABSOLUTE
    ../clib/microlib/init/entry.s            0x00000000   Number         0  entry11a.o ABSOLUTE
    ../clib/microlib/init/entry.s            0x00000000   Number         0  entry11b.o ABSOLUTE
    ../clib/microlib/string/memcpy.c         0x00000000   Number         0  memcpya.o ABSOLUTE
    ../clib/microlib/string/memcpy.c         0x00000000   Number         0  memcpyb.o ABSOLUTE
    ../clib/microlib/string/memset.c         0x00000000   Number         0  memseta.o ABSOLUTE
    ../clib/microlib/stubs.s                 0x00000000   Number         0  iusefp.o ABSOLUTE
    ../fplib/microlib/fpdiv.c                0x00000000   Number         0  fdiv.o ABSOLUTE
    ../fplib/microlib/fpepilogue.c           0x00000000   Number         0  fepilogue.o ABSOLUTE
    ../fplib/microlib/fpfix.c                0x00000000   Number         0  ffixui.o ABSOLUTE
    ../fplib/microlib/fpflt.c                0x00000000   Number         0  ffltui.o ABSOLUTE
    ../fplib/microlib/fpmul.c                0x00000000   Number         0  fmul.o ABSOLUTE
    FreeRTOS\Portable\port.c                 0x00000000   Number         0  port.o ABSOLUTE
    FreeRTOS\\Portable\\port.c               0x00000000   Number         0  port.o ABSOLUTE
    FreeRTOS\heap_2.c                        0x00000000   Number         0  heap_2.o ABSOLUTE
    FreeRTOS\list.c                          0x00000000   Number         0  list.o ABSOLUTE
    FreeRTOS\queue.c                         0x00000000   Number         0  queue.o ABSOLUTE
    FreeRTOS\tasks.c                         0x00000000   Number         0  tasks.o ABSOLUTE
    FunLib\apiLib.c                          0x00000000   Number         0  apilib.o ABSOLUTE
    Lib\CMSIS\STM32F10x\startup\startup_stm32f10x_hd.s 0x00000000   Number         0  startup_stm32f10x_hd.o ABSOLUTE
    Lib\CMSIS\STM32F10x\system_stm32f10x.c   0x00000000   Number         0  system_stm32f10x.o ABSOLUTE
    Lib\CMSIS\core_cm3.c                     0x00000000   Number         0  core_cm3.o ABSOLUTE
    Lib\STM32F10x_StdPeriph_Driver\src\misc.c 0x00000000   Number         0  misc.o ABSOLUTE
    Lib\STM32F10x_StdPeriph_Driver\src\stm32f10x_adc.c 0x00000000   Number         0  stm32f10x_adc.o ABSOLUTE
    Lib\STM32F10x_StdPeriph_Driver\src\stm32f10x_bkp.c 0x00000000   Number         0  stm32f10x_bkp.o ABSOLUTE
    Lib\STM32F10x_StdPeriph_Driver\src\stm32f10x_can.c 0x00000000   Number         0  stm32f10x_can.o ABSOLUTE
    Lib\STM32F10x_StdPeriph_Driver\src\stm32f10x_cec.c 0x00000000   Number         0  stm32f10x_cec.o ABSOLUTE
    Lib\STM32F10x_StdPeriph_Driver\src\stm32f10x_crc.c 0x00000000   Number         0  stm32f10x_crc.o ABSOLUTE
    Lib\STM32F10x_StdPeriph_Driver\src\stm32f10x_dac.c 0x00000000   Number         0  stm32f10x_dac.o ABSOLUTE
    Lib\STM32F10x_StdPeriph_Driver\src\stm32f10x_dbgmcu.c 0x00000000   Number         0  stm32f10x_dbgmcu.o ABSOLUTE
    Lib\STM32F10x_StdPeriph_Driver\src\stm32f10x_dma.c 0x00000000   Number         0  stm32f10x_dma.o ABSOLUTE
    Lib\STM32F10x_StdPeriph_Driver\src\stm32f10x_exti.c 0x00000000   Number         0  stm32f10x_exti.o ABSOLUTE
    Lib\STM32F10x_StdPeriph_Driver\src\stm32f10x_flash.c 0x00000000   Number         0  stm32f10x_flash.o ABSOLUTE
    Lib\STM32F10x_StdPeriph_Driver\src\stm32f10x_fsmc.c 0x00000000   Number         0  stm32f10x_fsmc.o ABSOLUTE
    Lib\STM32F10x_StdPeriph_Driver\src\stm32f10x_gpio.c 0x00000000   Number         0  stm32f10x_gpio.o ABSOLUTE
    Lib\STM32F10x_StdPeriph_Driver\src\stm32f10x_i2c.c 0x00000000   Number         0  stm32f10x_i2c.o ABSOLUTE
    Lib\STM32F10x_StdPeriph_Driver\src\stm32f10x_iwdg.c 0x00000000   Number         0  stm32f10x_iwdg.o ABSOLUTE
    Lib\STM32F10x_StdPeriph_Driver\src\stm32f10x_pwr.c 0x00000000   Number         0  stm32f10x_pwr.o ABSOLUTE
    Lib\STM32F10x_StdPeriph_Driver\src\stm32f10x_rcc.c 0x00000000   Number         0  stm32f10x_rcc.o ABSOLUTE
    Lib\STM32F10x_StdPeriph_Driver\src\stm32f10x_rtc.c 0x00000000   Number         0  stm32f10x_rtc.o ABSOLUTE
    Lib\STM32F10x_StdPeriph_Driver\src\stm32f10x_sdio.c 0x00000000   Number         0  stm32f10x_sdio.o ABSOLUTE
    Lib\STM32F10x_StdPeriph_Driver\src\stm32f10x_spi.c 0x00000000   Number         0  stm32f10x_spi.o ABSOLUTE
    Lib\STM32F10x_StdPeriph_Driver\src\stm32f10x_tim.c 0x00000000   Number         0  stm32f10x_tim.o ABSOLUTE
    Lib\STM32F10x_StdPeriph_Driver\src\stm32f10x_usart.c 0x00000000   Number         0  stm32f10x_usart.o ABSOLUTE
    Lib\STM32F10x_StdPeriph_Driver\src\stm32f10x_wwdg.c 0x00000000   Number         0  stm32f10x_wwdg.o ABSOLUTE
    Lib\\CMSIS\\core_cm3.c                   0x00000000   Number         0  core_cm3.o ABSOLUTE
    Project\bsp.c                            0x00000000   Number         0  bsp.o ABSOLUTE
    Project\main.c                           0x00000000   Number         0  main.o ABSOLUTE
    Project\stm32f10x_it.c                   0x00000000   Number         0  stm32f10x_it.o ABSOLUTE
    Project\timer.c                          0x00000000   Number         0  timer.o ABSOLUTE
    TaskManager\TK_DisplayController.c       0x00000000   Number         0  tk_displaycontroller.o ABSOLUTE
    TaskManager\TK_TestController.c          0x00000000   Number         0  tk_testcontroller.o ABSOLUTE
    TaskManager\TK_TimerController.c         0x00000000   Number         0  tk_timercontroller.o ABSOLUTE
    dc.s                                     0x00000000   Number         0  dc.o ABSOLUTE
    handlers.s                               0x00000000   Number         0  handlers.o ABSOLUTE
    init.s                                   0x00000000   Number         0  init.o ABSOLUTE
    RESET                                    0x08000000   Section      304  startup_stm32f10x_hd.o(RESET)
    .ARM.Collect$$$$00000000                 0x08000130   Section        0  entry.o(.ARM.Collect$$$$00000000)
    .ARM.Collect$$$$00000001                 0x08000130   Section        4  entry2.o(.ARM.Collect$$$$00000001)
    .ARM.Collect$$$$00000004                 0x08000134   Section        4  entry5.o(.ARM.Collect$$$$00000004)
    .ARM.Collect$$$$00000008                 0x08000138   Section        0  entry7b.o(.ARM.Collect$$$$00000008)
    .ARM.Collect$$$$0000000A                 0x08000138   Section        0  entry8b.o(.ARM.Collect$$$$0000000A)
    .ARM.Collect$$$$0000000B                 0x08000138   Section        8  entry9a.o(.ARM.Collect$$$$0000000B)
    .ARM.Collect$$$$0000000D                 0x08000140   Section        0  entry10a.o(.ARM.Collect$$$$0000000D)
    .ARM.Collect$$$$0000000F                 0x08000140   Section        0  entry11a.o(.ARM.Collect$$$$0000000F)
    .ARM.Collect$$$$00002712                 0x08000140   Section        4  entry2.o(.ARM.Collect$$$$00002712)
    __lit__00000000                          0x08000140   Data           4  entry2.o(.ARM.Collect$$$$00002712)
    .emb_text                                0x08000144   Section      150  port.o(.emb_text)
    .text                                    0x080001dc   Section        0  system_stm32f10x.o(.text)
    SetSysClockTo72                          0x080001dd   Thumb Code   212  system_stm32f10x.o(.text)
    SetSysClock                              0x080002b1   Thumb Code     8  system_stm32f10x.o(.text)
    .text                                    0x080003b8   Section       36  startup_stm32f10x_hd.o(.text)
    .text                                    0x080003dc   Section        0  misc.o(.text)
    .text                                    0x080004b8   Section        0  stm32f10x_adc.o(.text)
    .text                                    0x08000908   Section        0  stm32f10x_dma.o(.text)
    .text                                    0x08000b58   Section        0  stm32f10x_gpio.o(.text)
    .text                                    0x08000eb0   Section        0  stm32f10x_iwdg.o(.text)
    .text                                    0x08000ef0   Section        0  stm32f10x_rcc.o(.text)
    .text                                    0x08001294   Section        0  stm32f10x_tim.o(.text)
    TI4_Config                               0x0800173b   Thumb Code   130  stm32f10x_tim.o(.text)
    TI3_Config                               0x080017cf   Thumb Code   122  stm32f10x_tim.o(.text)
    TI2_Config                               0x08001863   Thumb Code   130  stm32f10x_tim.o(.text)
    TI1_Config                               0x080018f7   Thumb Code   108  stm32f10x_tim.o(.text)
    .text                                    0x080020b0   Section        0  stm32f10x_usart.o(.text)
    .text                                    0x080024b8   Section        0  port.o(.text)
    prvTaskExitError                         0x080024b9   Thumb Code    22  port.o(.text)
    .text                                    0x080025a8   Section        0  heap_2.o(.text)
    prvHeapInit                              0x080025a9   Thumb Code    42  heap_2.o(.text)
    .text                                    0x080026cc   Section        0  list.o(.text)
    .text                                    0x08002760   Section        0  tasks.o(.text)
    prvInitialiseTaskLists                   0x08002761   Thumb Code    70  tasks.o(.text)
    prvAddNewTaskToReadyList                 0x080027a7   Thumb Code   150  tasks.o(.text)
    prvInitialiseNewTask                     0x0800283d   Thumb Code   138  tasks.o(.text)
    prvResetNextTaskUnblockTime              0x08002927   Thumb Code    42  tasks.o(.text)
    prvDeleteTCB                             0x08002951   Thumb Code    18  tasks.o(.text)
    prvAddCurrentTaskToDelayedList           0x08002c1f   Thumb Code   124  tasks.o(.text)
    prvTaskIsTaskSuspended                   0x08002f63   Thumb Code   118  tasks.o(.text)
    prvCheckTasksWaitingTermination          0x080030c3   Thumb Code    60  tasks.o(.text)
    prvIdleTask                              0x080030ff   Thumb Code    32  tasks.o(.text)
    .text                                    0x08003714   Section        0  apilib.o(.text)
    .text                                    0x0800439c   Section        0  tk_timercontroller.o(.text)
    .text                                    0x08004448   Section        0  tk_testcontroller.o(.text)
    .text                                    0x080047bc   Section        0  bsp.o(.text)
    .text                                    0x08005254   Section        0  main.o(.text)
    .text                                    0x0800535c   Section        0  stm32f10x_it.o(.text)
    .text                                    0x08005a90   Section        0  memseta.o(.text)
    .text                                    0x08005ab4   Section        0  fmul.o(.text)
    .text                                    0x08005b20   Section        0  fdiv.o(.text)
    .text                                    0x08005ba0   Section        0  ffltui.o(.text)
    .text                                    0x08005baa   Section        0  ffixui.o(.text)
    .text                                    0x08005bd2   Section        0  fepilogue.o(.text)
    .text                                    0x08005bd2   Section        0  iusefp.o(.text)
    .text                                    0x08005c40   Section       36  init.o(.text)
    i.__scatterload_copy                     0x08005c64   Section       14  handlers.o(i.__scatterload_copy)
    i.__scatterload_null                     0x08005c72   Section        2  handlers.o(i.__scatterload_null)
    i.__scatterload_zeroinit                 0x08005c74   Section       14  handlers.o(i.__scatterload_zeroinit)
    .data                                    0x20000000   Section       20  system_stm32f10x.o(.data)
    .data                                    0x20000014   Section       20  stm32f10x_rcc.o(.data)
    APBAHBPrescTable                         0x20000014   Data          16  stm32f10x_rcc.o(.data)
    ADCPrescTable                            0x20000024   Data           4  stm32f10x_rcc.o(.data)
    .data                                    0x20000028   Section        4  port.o(.data)
    uxCriticalNesting                        0x20000028   Data           4  port.o(.data)
    .data                                    0x2000002c   Section       24  heap_2.o(.data)
    xFreeBytesRemaining                      0x2000002c   Data           4  heap_2.o(.data)
    xHeapHasBeenInitialised                  0x20000030   Data           4  heap_2.o(.data)
    xStart                                   0x20000034   Data           8  heap_2.o(.data)
    xEnd                                     0x2000003c   Data           8  heap_2.o(.data)
    .data                                    0x20000044   Section       60  tasks.o(.data)
    uxDeletedTasksWaitingCleanUp             0x20000048   Data           4  tasks.o(.data)
    uxCurrentNumberOfTasks                   0x2000004c   Data           4  tasks.o(.data)
    xTickCount                               0x20000050   Data           4  tasks.o(.data)
    uxTopReadyPriority                       0x20000054   Data           4  tasks.o(.data)
    xSchedulerRunning                        0x20000058   Data           4  tasks.o(.data)
    uxPendedTicks                            0x2000005c   Data           4  tasks.o(.data)
    xYieldPending                            0x20000060   Data           4  tasks.o(.data)
    xNumOfOverflows                          0x20000064   Data           4  tasks.o(.data)
    uxTaskNumber                             0x20000068   Data           4  tasks.o(.data)
    xNextTaskUnblockTime                     0x2000006c   Data           4  tasks.o(.data)
    xIdleTaskHandle                          0x20000070   Data           4  tasks.o(.data)
    uxSchedulerSuspended                     0x20000074   Data           4  tasks.o(.data)
    pxDelayedTaskList                        0x20000078   Data           4  tasks.o(.data)
    pxOverflowDelayedTaskList                0x2000007c   Data           4  tasks.o(.data)
    .data                                    0x20000080   Section        1  bsp.o(.data)
    HSEStartUpStatus                         0x20000080   Data           1  bsp.o(.data)
    .data                                    0x20000084   Section       12  main.o(.data)
    HSEStartUpStatus                         0x20000084   Data           1  main.o(.data)
    .bss                                     0x20000090   Section    16384  heap_2.o(.bss)
    ucHeap                                   0x20000090   Data       16384  heap_2.o(.bss)
    .bss                                     0x20004090   Section      260  tasks.o(.bss)
    pxReadyTasksLists                        0x20004090   Data         160  tasks.o(.bss)
    xDelayedTaskList1                        0x20004130   Data          20  tasks.o(.bss)
    xDelayedTaskList2                        0x20004144   Data          20  tasks.o(.bss)
    xPendingReadyList                        0x20004158   Data          20  tasks.o(.bss)
    xTasksWaitingTermination                 0x2000416c   Data          20  tasks.o(.bss)
    xSuspendedTaskList                       0x20004180   Data          20  tasks.o(.bss)
    .bss                                     0x20004194   Section      940  main.o(.bss)
    STACK                                    0x20004540   Section     1024  startup_stm32f10x_hd.o(STACK)

    Global Symbols

    Symbol Name                              Value     Ov Type        Size  Object(Section)

    BuildAttributes$$THM_ISAv4$P$D$K$B$S$PE$A:L22UL41UL21$X:L11$S22US41US21$IEEE1$IW$USESV6$~STKCKD$USESV7$~SHL$OTIME$ROPI$EBA8$MICROLIB$REQ8$PRES8$EABIv2 0x00000000   Number         0  anon$$obj.o ABSOLUTE
    __ARM_use_no_argv                        0x00000000   Number         0  main.o ABSOLUTE
    __cpp_initialize__aeabi_                  - Undefined Weak Reference
    __cxa_finalize                            - Undefined Weak Reference
    __decompress                              - Undefined Weak Reference
    _clock_init                               - Undefined Weak Reference
    _microlib_exit                            - Undefined Weak Reference
    __Vectors_Size                           0x00000130   Number         0  startup_stm32f10x_hd.o ABSOLUTE
    __Vectors                                0x08000000   Data           4  startup_stm32f10x_hd.o(RESET)
    __Vectors_End                            0x08000130   Data           0  startup_stm32f10x_hd.o(RESET)
    __main                                   0x08000131   Thumb Code     0  entry.o(.ARM.Collect$$$$00000000)
    _main_stk                                0x08000131   Thumb Code     0  entry2.o(.ARM.Collect$$$$00000001)
    _main_scatterload                        0x08000135   Thumb Code     0  entry5.o(.ARM.Collect$$$$00000004)
    __main_after_scatterload                 0x08000139   Thumb Code     0  entry5.o(.ARM.Collect$$$$00000004)
    _main_clock                              0x08000139   Thumb Code     0  entry7b.o(.ARM.Collect$$$$00000008)
    _main_cpp_init                           0x08000139   Thumb Code     0  entry8b.o(.ARM.Collect$$$$0000000A)
    _main_init                               0x08000139   Thumb Code     0  entry9a.o(.ARM.Collect$$$$0000000B)
    __rt_final_cpp                           0x08000141   Thumb Code     0  entry10a.o(.ARM.Collect$$$$0000000D)
    __rt_final_exit                          0x08000141   Thumb Code     0  entry11a.o(.ARM.Collect$$$$0000000F)
    SVC_Handler                              0x08000145   Thumb Code    32  port.o(.emb_text)
    __asm___6_port_c_39a90d8d__prvStartFirstTask 0x08000169   Thumb Code    28  port.o(.emb_text)
    PendSV_Handler                           0x08000189   Thumb Code    72  port.o(.emb_text)
    vPortGetIPSR                             0x080001d5   Thumb Code     6  port.o(.emb_text)
    SystemInit                               0x080002b9   Thumb Code    78  system_stm32f10x.o(.text)
    SystemCoreClockUpdate                    0x08000307   Thumb Code   142  system_stm32f10x.o(.text)
    Reset_Handler                            0x080003b9   Thumb Code     8  startup_stm32f10x_hd.o(.text)
    ADC1_2_IRQHandler                        0x080003d3   Thumb Code     0  startup_stm32f10x_hd.o(.text)
    ADC3_IRQHandler                          0x080003d3   Thumb Code     0  startup_stm32f10x_hd.o(.text)
    CAN1_RX1_IRQHandler                      0x080003d3   Thumb Code     0  startup_stm32f10x_hd.o(.text)
    CAN1_SCE_IRQHandler                      0x080003d3   Thumb Code     0  startup_stm32f10x_hd.o(.text)
    DMA1_Channel1_IRQHandler                 0x080003d3   Thumb Code     0  startup_stm32f10x_hd.o(.text)
    DMA1_Channel2_IRQHandler                 0x080003d3   Thumb Code     0  startup_stm32f10x_hd.o(.text)
    DMA1_Channel3_IRQHandler                 0x080003d3   Thumb Code     0  startup_stm32f10x_hd.o(.text)
    DMA1_Channel4_IRQHandler                 0x080003d3   Thumb Code     0  startup_stm32f10x_hd.o(.text)
    DMA1_Channel5_IRQHandler                 0x080003d3   Thumb Code     0  startup_stm32f10x_hd.o(.text)
    DMA1_Channel6_IRQHandler                 0x080003d3   Thumb Code     0  startup_stm32f10x_hd.o(.text)
    DMA1_Channel7_IRQHandler                 0x080003d3   Thumb Code     0  startup_stm32f10x_hd.o(.text)
    DMA2_Channel1_IRQHandler                 0x080003d3   Thumb Code     0  startup_stm32f10x_hd.o(.text)
    DMA2_Channel2_IRQHandler                 0x080003d3   Thumb Code     0  startup_stm32f10x_hd.o(.text)
    DMA2_Channel3_IRQHandler                 0x080003d3   Thumb Code     0  startup_stm32f10x_hd.o(.text)
    DMA2_Channel4_5_IRQHandler               0x080003d3   Thumb Code     0  startup_stm32f10x_hd.o(.text)
    EXTI0_IRQHandler                         0x080003d3   Thumb Code     0  startup_stm32f10x_hd.o(.text)
    EXTI15_10_IRQHandler                     0x080003d3   Thumb Code     0  startup_stm32f10x_hd.o(.text)
    EXTI1_IRQHandler                         0x080003d3   Thumb Code     0  startup_stm32f10x_hd.o(.text)
    EXTI2_IRQHandler                         0x080003d3   Thumb Code     0  startup_stm32f10x_hd.o(.text)
    EXTI3_IRQHandler                         0x080003d3   Thumb Code     0  startup_stm32f10x_hd.o(.text)
    EXTI4_IRQHandler                         0x080003d3   Thumb Code     0  startup_stm32f10x_hd.o(.text)
    EXTI9_5_IRQHandler                       0x080003d3   Thumb Code     0  startup_stm32f10x_hd.o(.text)
    FLASH_IRQHandler                         0x080003d3   Thumb Code     0  startup_stm32f10x_hd.o(.text)
    FSMC_IRQHandler                          0x080003d3   Thumb Code     0  startup_stm32f10x_hd.o(.text)
    I2C1_ER_IRQHandler                       0x080003d3   Thumb Code     0  startup_stm32f10x_hd.o(.text)
    I2C1_EV_IRQHandler                       0x080003d3   Thumb Code     0  startup_stm32f10x_hd.o(.text)
    I2C2_ER_IRQHandler                       0x080003d3   Thumb Code     0  startup_stm32f10x_hd.o(.text)
    I2C2_EV_IRQHandler                       0x080003d3   Thumb Code     0  startup_stm32f10x_hd.o(.text)
    PVD_IRQHandler                           0x080003d3   Thumb Code     0  startup_stm32f10x_hd.o(.text)
    RCC_IRQHandler                           0x080003d3   Thumb Code     0  startup_stm32f10x_hd.o(.text)
    RTCAlarm_IRQHandler                      0x080003d3   Thumb Code     0  startup_stm32f10x_hd.o(.text)
    RTC_IRQHandler                           0x080003d3   Thumb Code     0  startup_stm32f10x_hd.o(.text)
    SDIO_IRQHandler                          0x080003d3   Thumb Code     0  startup_stm32f10x_hd.o(.text)
    SPI1_IRQHandler                          0x080003d3   Thumb Code     0  startup_stm32f10x_hd.o(.text)
    SPI2_IRQHandler                          0x080003d3   Thumb Code     0  startup_stm32f10x_hd.o(.text)
    SPI3_IRQHandler                          0x080003d3   Thumb Code     0  startup_stm32f10x_hd.o(.text)
    TAMPER_IRQHandler                        0x080003d3   Thumb Code     0  startup_stm32f10x_hd.o(.text)
    TIM1_BRK_IRQHandler                      0x080003d3   Thumb Code     0  startup_stm32f10x_hd.o(.text)
    TIM1_CC_IRQHandler                       0x080003d3   Thumb Code     0  startup_stm32f10x_hd.o(.text)
    TIM1_TRG_COM_IRQHandler                  0x080003d3   Thumb Code     0  startup_stm32f10x_hd.o(.text)
    TIM1_UP_IRQHandler                       0x080003d3   Thumb Code     0  startup_stm32f10x_hd.o(.text)
    TIM6_IRQHandler                          0x080003d3   Thumb Code     0  startup_stm32f10x_hd.o(.text)
    TIM7_IRQHandler                          0x080003d3   Thumb Code     0  startup_stm32f10x_hd.o(.text)
    TIM8_BRK_IRQHandler                      0x080003d3   Thumb Code     0  startup_stm32f10x_hd.o(.text)
    TIM8_CC_IRQHandler                       0x080003d3   Thumb Code     0  startup_stm32f10x_hd.o(.text)
    TIM8_TRG_COM_IRQHandler                  0x080003d3   Thumb Code     0  startup_stm32f10x_hd.o(.text)
    TIM8_UP_IRQHandler                       0x080003d3   Thumb Code     0  startup_stm32f10x_hd.o(.text)
    UART4_IRQHandler                         0x080003d3   Thumb Code     0  startup_stm32f10x_hd.o(.text)
    UART5_IRQHandler                         0x080003d3   Thumb Code     0  startup_stm32f10x_hd.o(.text)
    USART3_IRQHandler                        0x080003d3   Thumb Code     0  startup_stm32f10x_hd.o(.text)
    USBWakeUp_IRQHandler                     0x080003d3   Thumb Code     0  startup_stm32f10x_hd.o(.text)
    USB_HP_CAN1_TX_IRQHandler                0x080003d3   Thumb Code     0  startup_stm32f10x_hd.o(.text)
    USB_LP_CAN1_RX0_IRQHandler               0x080003d3   Thumb Code     0  startup_stm32f10x_hd.o(.text)
    WWDG_IRQHandler                          0x080003d3   Thumb Code     0  startup_stm32f10x_hd.o(.text)
    NVIC_PriorityGroupConfig                 0x080003dd   Thumb Code    10  misc.o(.text)
    NVIC_Init                                0x080003e7   Thumb Code   102  misc.o(.text)
    NVIC_SetVectorTable                      0x0800044d   Thumb Code    14  misc.o(.text)
    NVIC_SystemLPConfig                      0x0800045b   Thumb Code    34  misc.o(.text)
    SysTick_CLKSourceConfig                  0x0800047d   Thumb Code    40  misc.o(.text)
    ADC_DeInit                               0x080004b9   Thumb Code    78  stm32f10x_adc.o(.text)
    ADC_Init                                 0x08000507   Thumb Code    70  stm32f10x_adc.o(.text)
    ADC_StructInit                           0x0800054d   Thumb Code    18  stm32f10x_adc.o(.text)
    ADC_Cmd                                  0x0800055f   Thumb Code    22  stm32f10x_adc.o(.text)
    ADC_DMACmd                               0x08000575   Thumb Code    22  stm32f10x_adc.o(.text)
    ADC_ITConfig                             0x0800058b   Thumb Code    24  stm32f10x_adc.o(.text)
    ADC_ResetCalibration                     0x080005a3   Thumb Code    10  stm32f10x_adc.o(.text)
    ADC_GetResetCalibrationStatus            0x080005ad   Thumb Code    20  stm32f10x_adc.o(.text)
    ADC_StartCalibration                     0x080005c1   Thumb Code    10  stm32f10x_adc.o(.text)
    ADC_GetCalibrationStatus                 0x080005cb   Thumb Code    20  stm32f10x_adc.o(.text)
    ADC_SoftwareStartConvCmd                 0x080005df   Thumb Code    22  stm32f10x_adc.o(.text)
    ADC_GetSoftwareStartConvStatus           0x080005f5   Thumb Code    20  stm32f10x_adc.o(.text)
    ADC_DiscModeChannelCountConfig           0x08000609   Thumb Code    24  stm32f10x_adc.o(.text)
    ADC_DiscModeCmd                          0x08000621   Thumb Code    22  stm32f10x_adc.o(.text)
    ADC_RegularChannelConfig                 0x08000637   Thumb Code   184  stm32f10x_adc.o(.text)
    ADC_ExternalTrigConvCmd                  0x080006ef   Thumb Code    22  stm32f10x_adc.o(.text)
    ADC_GetConversionValue                   0x08000705   Thumb Code     8  stm32f10x_adc.o(.text)
    ADC_GetDualModeConversionValue           0x0800070d   Thumb Code     8  stm32f10x_adc.o(.text)
    ADC_AutoInjectedConvCmd                  0x08000715   Thumb Code    22  stm32f10x_adc.o(.text)
    ADC_InjectedDiscModeCmd                  0x0800072b   Thumb Code    22  stm32f10x_adc.o(.text)
    ADC_ExternalTrigInjectedConvConfig       0x08000741   Thumb Code    16  stm32f10x_adc.o(.text)
    ADC_ExternalTrigInjectedConvCmd          0x08000751   Thumb Code    22  stm32f10x_adc.o(.text)
    ADC_SoftwareStartInjectedConvCmd         0x08000767   Thumb Code    22  stm32f10x_adc.o(.text)
    ADC_GetSoftwareStartInjectedConvCmdStatus 0x0800077d   Thumb Code    20  stm32f10x_adc.o(.text)
    ADC_InjectedChannelConfig                0x08000791   Thumb Code   130  stm32f10x_adc.o(.text)
    ADC_InjectedSequencerLengthConfig        0x08000813   Thumb Code    24  stm32f10x_adc.o(.text)
    ADC_SetInjectedOffset                    0x0800082b   Thumb Code    20  stm32f10x_adc.o(.text)
    ADC_GetInjectedConversionValue           0x0800083f   Thumb Code    28  stm32f10x_adc.o(.text)
    ADC_AnalogWatchdogCmd                    0x0800085b   Thumb Code    16  stm32f10x_adc.o(.text)
    ADC_AnalogWatchdogThresholdsConfig       0x0800086b   Thumb Code     6  stm32f10x_adc.o(.text)
    ADC_AnalogWatchdogSingleChannelConfig    0x08000871   Thumb Code    16  stm32f10x_adc.o(.text)
    ADC_TempSensorVrefintCmd                 0x08000881   Thumb Code    64  stm32f10x_adc.o(.text)
    ADC_GetFlagStatus                        0x080008c1   Thumb Code    18  stm32f10x_adc.o(.text)
    ADC_ClearFlag                            0x080008d3   Thumb Code     6  stm32f10x_adc.o(.text)
    ADC_GetITStatus                          0x080008d9   Thumb Code    36  stm32f10x_adc.o(.text)
    ADC_ClearITPendingBit                    0x080008fd   Thumb Code    10  stm32f10x_adc.o(.text)
    DMA_DeInit                               0x08000909   Thumb Code   324  stm32f10x_dma.o(.text)
    DMA_Init                                 0x08000a4d   Thumb Code    60  stm32f10x_dma.o(.text)
    DMA_StructInit                           0x08000a89   Thumb Code    26  stm32f10x_dma.o(.text)
    DMA_Cmd                                  0x08000aa3   Thumb Code    24  stm32f10x_dma.o(.text)
    DMA_ITConfig                             0x08000abb   Thumb Code    18  stm32f10x_dma.o(.text)
    DMA_SetCurrDataCounter                   0x08000acd   Thumb Code     4  stm32f10x_dma.o(.text)
    DMA_GetCurrDataCounter                   0x08000ad1   Thumb Code     8  stm32f10x_dma.o(.text)
    DMA_GetFlagStatus                        0x08000ad9   Thumb Code    38  stm32f10x_dma.o(.text)
    DMA_ClearFlag                            0x08000aff   Thumb Code    22  stm32f10x_dma.o(.text)
    DMA_GetITStatus                          0x08000b15   Thumb Code    38  stm32f10x_dma.o(.text)
    DMA_ClearITPendingBit                    0x08000b3b   Thumb Code    22  stm32f10x_dma.o(.text)
    GPIO_DeInit                              0x08000b59   Thumb Code   172  stm32f10x_gpio.o(.text)
    GPIO_AFIODeInit                          0x08000c05   Thumb Code    20  stm32f10x_gpio.o(.text)
    GPIO_Init                                0x08000c19   Thumb Code   274  stm32f10x_gpio.o(.text)
    GPIO_StructInit                          0x08000d2b   Thumb Code    16  stm32f10x_gpio.o(.text)
    GPIO_ReadInputDataBit                    0x08000d3b   Thumb Code    18  stm32f10x_gpio.o(.text)
    GPIO_ReadInputData                       0x08000d4d   Thumb Code     8  stm32f10x_gpio.o(.text)
    GPIO_ReadOutputDataBit                   0x08000d55   Thumb Code    18  stm32f10x_gpio.o(.text)
    GPIO_ReadOutputData                      0x08000d67   Thumb Code     8  stm32f10x_gpio.o(.text)
    GPIO_SetBits                             0x08000d6f   Thumb Code     4  stm32f10x_gpio.o(.text)
    GPIO_ResetBits                           0x08000d73   Thumb Code     4  stm32f10x_gpio.o(.text)
    GPIO_WriteBit                            0x08000d77   Thumb Code    10  stm32f10x_gpio.o(.text)
    GPIO_Write                               0x08000d81   Thumb Code     4  stm32f10x_gpio.o(.text)
    GPIO_PinLockConfig                       0x08000d85   Thumb Code    18  stm32f10x_gpio.o(.text)
    GPIO_EventOutputConfig                   0x08000d97   Thumb Code    26  stm32f10x_gpio.o(.text)
    GPIO_EventOutputCmd                      0x08000db1   Thumb Code     6  stm32f10x_gpio.o(.text)
    GPIO_PinRemapConfig                      0x08000db7   Thumb Code   138  stm32f10x_gpio.o(.text)
    GPIO_EXTILineConfig                      0x08000e41   Thumb Code    66  stm32f10x_gpio.o(.text)
    GPIO_ETH_MediaInterfaceConfig            0x08000e83   Thumb Code     6  stm32f10x_gpio.o(.text)
    IWDG_WriteAccessCmd                      0x08000eb1   Thumb Code     6  stm32f10x_iwdg.o(.text)
    IWDG_SetPrescaler                        0x08000eb7   Thumb Code     6  stm32f10x_iwdg.o(.text)
    IWDG_SetReload                           0x08000ebd   Thumb Code     6  stm32f10x_iwdg.o(.text)
    IWDG_ReloadCounter                       0x08000ec3   Thumb Code    10  stm32f10x_iwdg.o(.text)
    IWDG_Enable                              0x08000ecd   Thumb Code    10  stm32f10x_iwdg.o(.text)
    IWDG_GetFlagStatus                       0x08000ed7   Thumb Code    20  stm32f10x_iwdg.o(.text)
    RCC_DeInit                               0x08000ef1   Thumb Code    64  stm32f10x_rcc.o(.text)
    RCC_HSEConfig                            0x08000f31   Thumb Code    70  stm32f10x_rcc.o(.text)
    RCC_GetFlagStatus                        0x08000f77   Thumb Code    56  stm32f10x_rcc.o(.text)
    RCC_WaitForHSEStartUp                    0x08000faf   Thumb Code    56  stm32f10x_rcc.o(.text)
    RCC_AdjustHSICalibrationValue            0x08000fe7   Thumb Code    20  stm32f10x_rcc.o(.text)
    RCC_HSICmd                               0x08000ffb   Thumb Code     6  stm32f10x_rcc.o(.text)
    RCC_PLLConfig                            0x08001001   Thumb Code    24  stm32f10x_rcc.o(.text)
    RCC_PLLCmd                               0x08001019   Thumb Code     6  stm32f10x_rcc.o(.text)
    RCC_SYSCLKConfig                         0x0800101f   Thumb Code    18  stm32f10x_rcc.o(.text)
    RCC_GetSYSCLKSource                      0x08001031   Thumb Code    10  stm32f10x_rcc.o(.text)
    RCC_HCLKConfig                           0x0800103b   Thumb Code    18  stm32f10x_rcc.o(.text)
    RCC_PCLK1Config                          0x0800104d   Thumb Code    18  stm32f10x_rcc.o(.text)
    RCC_PCLK2Config                          0x0800105f   Thumb Code    20  stm32f10x_rcc.o(.text)
    RCC_ITConfig                             0x08001073   Thumb Code    26  stm32f10x_rcc.o(.text)
    RCC_USBCLKConfig                         0x0800108d   Thumb Code     6  stm32f10x_rcc.o(.text)
    RCC_ADCCLKConfig                         0x08001093   Thumb Code    18  stm32f10x_rcc.o(.text)
    RCC_LSEConfig                            0x080010a5   Thumb Code    44  stm32f10x_rcc.o(.text)
    RCC_LSICmd                               0x080010d1   Thumb Code     6  stm32f10x_rcc.o(.text)
    RCC_RTCCLKConfig                         0x080010d7   Thumb Code    12  stm32f10x_rcc.o(.text)
    RCC_RTCCLKCmd                            0x080010e3   Thumb Code     8  stm32f10x_rcc.o(.text)
    RCC_GetClocksFreq                        0x080010eb   Thumb Code   192  stm32f10x_rcc.o(.text)
    RCC_AHBPeriphClockCmd                    0x080011ab   Thumb Code    26  stm32f10x_rcc.o(.text)
    RCC_APB2PeriphClockCmd                   0x080011c5   Thumb Code    26  stm32f10x_rcc.o(.text)
    RCC_APB1PeriphClockCmd                   0x080011df   Thumb Code    26  stm32f10x_rcc.o(.text)
    RCC_APB2PeriphResetCmd                   0x080011f9   Thumb Code    26  stm32f10x_rcc.o(.text)
    RCC_APB1PeriphResetCmd                   0x08001213   Thumb Code    26  stm32f10x_rcc.o(.text)
    RCC_BackupResetCmd                       0x0800122d   Thumb Code     8  stm32f10x_rcc.o(.text)
    RCC_ClockSecuritySystemCmd               0x08001235   Thumb Code     6  stm32f10x_rcc.o(.text)
    RCC_MCOConfig                            0x0800123b   Thumb Code     6  stm32f10x_rcc.o(.text)
    RCC_ClearFlag                            0x08001241   Thumb Code    14  stm32f10x_rcc.o(.text)
    RCC_GetITStatus                          0x0800124f   Thumb Code    20  stm32f10x_rcc.o(.text)
    RCC_ClearITPendingBit                    0x08001263   Thumb Code     6  stm32f10x_rcc.o(.text)
    TIM_DeInit                               0x08001295   Thumb Code   424  stm32f10x_tim.o(.text)
    TIM_TimeBaseInit                         0x0800143d   Thumb Code   122  stm32f10x_tim.o(.text)
    TIM_OC1Init                              0x080014b7   Thumb Code   132  stm32f10x_tim.o(.text)
    TIM_OC2Init                              0x0800153b   Thumb Code   154  stm32f10x_tim.o(.text)
    TIM_OC3Init                              0x080015d5   Thumb Code   150  stm32f10x_tim.o(.text)
    TIM_OC4Init                              0x0800166b   Thumb Code   182  stm32f10x_tim.o(.text)
    TIM_SetIC4Prescaler                      0x08001721   Thumb Code    26  stm32f10x_tim.o(.text)
    TIM_SetIC3Prescaler                      0x080017bd   Thumb Code    18  stm32f10x_tim.o(.text)
    TIM_SetIC2Prescaler                      0x08001849   Thumb Code    26  stm32f10x_tim.o(.text)
    TIM_SetIC1Prescaler                      0x080018e5   Thumb Code    18  stm32f10x_tim.o(.text)
    TIM_ICInit                               0x08001963   Thumb Code   150  stm32f10x_tim.o(.text)
    TIM_PWMIConfig                           0x080019f9   Thumb Code   124  stm32f10x_tim.o(.text)
    TIM_BDTRConfig                           0x08001a75   Thumb Code    32  stm32f10x_tim.o(.text)
    TIM_TimeBaseStructInit                   0x08001a95   Thumb Code    18  stm32f10x_tim.o(.text)
    TIM_OCStructInit                         0x08001aa7   Thumb Code    20  stm32f10x_tim.o(.text)
    TIM_ICStructInit                         0x08001abb   Thumb Code    18  stm32f10x_tim.o(.text)
    TIM_BDTRStructInit                       0x08001acd   Thumb Code    40  stm32f10x_tim.o(.text)
    TIM_Cmd                                  0x08001af5   Thumb Code    24  stm32f10x_tim.o(.text)
    TIM_CtrlPWMOutputs                       0x08001b0d   Thumb Code    30  stm32f10x_tim.o(.text)
    TIM_ITConfig                             0x08001b2b   Thumb Code    18  stm32f10x_tim.o(.text)
    TIM_GenerateEvent                        0x08001b3d   Thumb Code     4  stm32f10x_tim.o(.text)
    TIM_DMAConfig                            0x08001b41   Thumb Code    10  stm32f10x_tim.o(.text)
    TIM_DMACmd                               0x08001b4b   Thumb Code    18  stm32f10x_tim.o(.text)
    TIM_InternalClockConfig                  0x08001b5d   Thumb Code    12  stm32f10x_tim.o(.text)
    TIM_SelectInputTrigger                   0x08001b69   Thumb Code    18  stm32f10x_tim.o(.text)
    TIM_ITRxExternalClockConfig              0x08001b7b   Thumb Code    24  stm32f10x_tim.o(.text)
    TIM_TIxExternalClockConfig               0x08001b93   Thumb Code    62  stm32f10x_tim.o(.text)
    TIM_ETRConfig                            0x08001bd1   Thumb Code    28  stm32f10x_tim.o(.text)
    TIM_ETRClockMode1Config                  0x08001bed   Thumb Code    54  stm32f10x_tim.o(.text)
    TIM_ETRClockMode2Config                  0x08001c23   Thumb Code    32  stm32f10x_tim.o(.text)
    TIM_PrescalerConfig                      0x08001c43   Thumb Code     6  stm32f10x_tim.o(.text)
    TIM_CounterModeConfig                    0x08001c49   Thumb Code    18  stm32f10x_tim.o(.text)
    TIM_EncoderInterfaceConfig               0x08001c5b   Thumb Code    66  stm32f10x_tim.o(.text)
    TIM_ForcedOC1Config                      0x08001c9d   Thumb Code    18  stm32f10x_tim.o(.text)
    TIM_ForcedOC2Config                      0x08001caf   Thumb Code    26  stm32f10x_tim.o(.text)
    TIM_ForcedOC3Config                      0x08001cc9   Thumb Code    18  stm32f10x_tim.o(.text)
    TIM_ForcedOC4Config                      0x08001cdb   Thumb Code    26  stm32f10x_tim.o(.text)
    TIM_ARRPreloadConfig                     0x08001cf5   Thumb Code    24  stm32f10x_tim.o(.text)
    TIM_SelectCOM                            0x08001d0d   Thumb Code    24  stm32f10x_tim.o(.text)
    TIM_SelectCCDMA                          0x08001d25   Thumb Code    24  stm32f10x_tim.o(.text)
    TIM_CCPreloadControl                     0x08001d3d   Thumb Code    24  stm32f10x_tim.o(.text)
    TIM_OC1PreloadConfig                     0x08001d55   Thumb Code    18  stm32f10x_tim.o(.text)
    TIM_OC2PreloadConfig                     0x08001d67   Thumb Code    26  stm32f10x_tim.o(.text)
    TIM_OC3PreloadConfig                     0x08001d81   Thumb Code    18  stm32f10x_tim.o(.text)
    TIM_OC4PreloadConfig                     0x08001d93   Thumb Code    26  stm32f10x_tim.o(.text)
    TIM_OC1FastConfig                        0x08001dad   Thumb Code    18  stm32f10x_tim.o(.text)
    TIM_OC2FastConfig                        0x08001dbf   Thumb Code    26  stm32f10x_tim.o(.text)
    TIM_OC3FastConfig                        0x08001dd9   Thumb Code    18  stm32f10x_tim.o(.text)
    TIM_OC4FastConfig                        0x08001deb   Thumb Code    26  stm32f10x_tim.o(.text)
    TIM_ClearOC1Ref                          0x08001e05   Thumb Code    18  stm32f10x_tim.o(.text)
    TIM_ClearOC2Ref                          0x08001e17   Thumb Code    24  stm32f10x_tim.o(.text)
    TIM_ClearOC3Ref                          0x08001e2f   Thumb Code    18  stm32f10x_tim.o(.text)
    TIM_ClearOC4Ref                          0x08001e41   Thumb Code    24  stm32f10x_tim.o(.text)
    TIM_OC1PolarityConfig                    0x08001e59   Thumb Code    18  stm32f10x_tim.o(.text)
    TIM_OC1NPolarityConfig                   0x08001e6b   Thumb Code    18  stm32f10x_tim.o(.text)
    TIM_OC2PolarityConfig                    0x08001e7d   Thumb Code    26  stm32f10x_tim.o(.text)
    TIM_OC2NPolarityConfig                   0x08001e97   Thumb Code    26  stm32f10x_tim.o(.text)
    TIM_OC3PolarityConfig                    0x08001eb1   Thumb Code    26  stm32f10x_tim.o(.text)
    TIM_OC3NPolarityConfig                   0x08001ecb   Thumb Code    26  stm32f10x_tim.o(.text)
    TIM_OC4PolarityConfig                    0x08001ee5   Thumb Code    26  stm32f10x_tim.o(.text)
    TIM_CCxCmd                               0x08001eff   Thumb Code    30  stm32f10x_tim.o(.text)
    TIM_CCxNCmd                              0x08001f1d   Thumb Code    30  stm32f10x_tim.o(.text)
    TIM_SelectOCxM                           0x08001f3b   Thumb Code    82  stm32f10x_tim.o(.text)
    TIM_UpdateDisableConfig                  0x08001f8d   Thumb Code    24  stm32f10x_tim.o(.text)
    TIM_UpdateRequestConfig                  0x08001fa5   Thumb Code    24  stm32f10x_tim.o(.text)
    TIM_SelectHallSensor                     0x08001fbd   Thumb Code    24  stm32f10x_tim.o(.text)
    TIM_SelectOnePulseMode                   0x08001fd5   Thumb Code    18  stm32f10x_tim.o(.text)
    TIM_SelectOutputTrigger                  0x08001fe7   Thumb Code    18  stm32f10x_tim.o(.text)
    TIM_SelectSlaveMode                      0x08001ff9   Thumb Code    18  stm32f10x_tim.o(.text)
    TIM_SelectMasterSlaveMode                0x0800200b   Thumb Code    18  stm32f10x_tim.o(.text)
    TIM_SetCounter                           0x0800201d   Thumb Code     4  stm32f10x_tim.o(.text)
    TIM_SetAutoreload                        0x08002021   Thumb Code     4  stm32f10x_tim.o(.text)
    TIM_SetCompare1                          0x08002025   Thumb Code     4  stm32f10x_tim.o(.text)
    TIM_SetCompare2                          0x08002029   Thumb Code     4  stm32f10x_tim.o(.text)
    TIM_SetCompare3                          0x0800202d   Thumb Code     4  stm32f10x_tim.o(.text)
    TIM_SetCompare4                          0x08002031   Thumb Code     6  stm32f10x_tim.o(.text)
    TIM_SetClockDivision                     0x08002037   Thumb Code    18  stm32f10x_tim.o(.text)
    TIM_GetCapture1                          0x08002049   Thumb Code     6  stm32f10x_tim.o(.text)
    TIM_GetCapture2                          0x0800204f   Thumb Code     6  stm32f10x_tim.o(.text)
    TIM_GetCapture3                          0x08002055   Thumb Code     6  stm32f10x_tim.o(.text)
    TIM_GetCapture4                          0x0800205b   Thumb Code     8  stm32f10x_tim.o(.text)
    TIM_GetCounter                           0x08002063   Thumb Code     6  stm32f10x_tim.o(.text)
    TIM_GetPrescaler                         0x08002069   Thumb Code     6  stm32f10x_tim.o(.text)
    TIM_GetFlagStatus                        0x0800206f   Thumb Code    18  stm32f10x_tim.o(.text)
    TIM_ClearFlag                            0x08002081   Thumb Code     6  stm32f10x_tim.o(.text)
    TIM_GetITStatus                          0x08002087   Thumb Code    34  stm32f10x_tim.o(.text)
    TIM_ClearITPendingBit                    0x080020a9   Thumb Code     6  stm32f10x_tim.o(.text)
    USART_DeInit                             0x080020b1   Thumb Code   134  stm32f10x_usart.o(.text)
    USART_Init                               0x08002137   Thumb Code   210  stm32f10x_usart.o(.text)
    USART_StructInit                         0x08002209   Thumb Code    24  stm32f10x_usart.o(.text)
    USART_ClockInit                          0x08002221   Thumb Code    34  stm32f10x_usart.o(.text)
    USART_ClockStructInit                    0x08002243   Thumb Code    12  stm32f10x_usart.o(.text)
    USART_Cmd                                0x0800224f   Thumb Code    24  stm32f10x_usart.o(.text)
    USART_ITConfig                           0x08002267   Thumb Code    74  stm32f10x_usart.o(.text)
    USART_DMACmd                             0x080022b1   Thumb Code    18  stm32f10x_usart.o(.text)
    USART_SetAddress                         0x080022c3   Thumb Code    18  stm32f10x_usart.o(.text)
    USART_WakeUpConfig                       0x080022d5   Thumb Code    18  stm32f10x_usart.o(.text)
    USART_ReceiverWakeUpCmd                  0x080022e7   Thumb Code    24  stm32f10x_usart.o(.text)
    USART_LINBreakDetectLengthConfig         0x080022ff   Thumb Code    18  stm32f10x_usart.o(.text)
    USART_LINCmd                             0x08002311   Thumb Code    24  stm32f10x_usart.o(.text)
    USART_SendData                           0x08002329   Thumb Code     8  stm32f10x_usart.o(.text)
    USART_ReceiveData                        0x08002331   Thumb Code    10  stm32f10x_usart.o(.text)
    USART_SendBreak                          0x0800233b   Thumb Code    10  stm32f10x_usart.o(.text)
    USART_SetGuardTime                       0x08002345   Thumb Code    16  stm32f10x_usart.o(.text)
    USART_SetPrescaler                       0x08002355   Thumb Code    16  stm32f10x_usart.o(.text)
    USART_SmartCardCmd                       0x08002365   Thumb Code    24  stm32f10x_usart.o(.text)
    USART_SmartCardNACKCmd                   0x0800237d   Thumb Code    24  stm32f10x_usart.o(.text)
    USART_HalfDuplexCmd                      0x08002395   Thumb Code    24  stm32f10x_usart.o(.text)
    USART_OverSampling8Cmd                   0x080023ad   Thumb Code    22  stm32f10x_usart.o(.text)
    USART_OneBitMethodCmd                    0x080023c3   Thumb Code    24  stm32f10x_usart.o(.text)
    USART_IrDAConfig                         0x080023db   Thumb Code    18  stm32f10x_usart.o(.text)
    USART_IrDACmd                            0x080023ed   Thumb Code    24  stm32f10x_usart.o(.text)
    USART_GetFlagStatus                      0x08002405   Thumb Code    26  stm32f10x_usart.o(.text)
    USART_ClearFlag                          0x0800241f   Thumb Code    18  stm32f10x_usart.o(.text)
    USART_GetITStatus                        0x08002431   Thumb Code    84  stm32f10x_usart.o(.text)
    USART_ClearITPendingBit                  0x08002485   Thumb Code    52  stm32f10x_usart.o(.text)
    pxPortInitialiseStack                    0x080024cf   Thumb Code    30  port.o(.text)
    vPortSetupTimerInterrupt                 0x080024ed   Thumb Code    20  port.o(.text)
    xPortStartScheduler                      0x08002501   Thumb Code    42  port.o(.text)
    vPortEndScheduler                        0x0800252b   Thumb Code     2  port.o(.text)
    vPortEnterCritical                       0x0800252d   Thumb Code    30  port.o(.text)
    vPortExitCritical                        0x0800254b   Thumb Code    28  port.o(.text)
    SysTick_Handler                          0x08002567   Thumb Code    48  port.o(.text)
    pvPortMalloc                             0x080025d3   Thumb Code   166  heap_2.o(.text)
    vPortFree                                0x08002679   Thumb Code    56  heap_2.o(.text)
    xPortGetFreeHeapSize                     0x080026b1   Thumb Code     6  heap_2.o(.text)
    vPortInitialiseBlocks                    0x080026b7   Thumb Code     2  heap_2.o(.text)
    vListInitialise                          0x080026cd   Thumb Code    26  list.o(.text)
    vListInitialiseItem                      0x080026e7   Thumb Code     6  list.o(.text)
    vListInsertEnd                           0x080026ed   Thumb Code    24  list.o(.text)
    vListInsert                              0x08002705   Thumb Code    52  list.o(.text)
    uxListRemove                             0x08002739   Thumb Code    40  list.o(.text)
    xTaskCreate                              0x080028c7   Thumb Code    96  tasks.o(.text)
    vTaskDelete                              0x08002963   Thumb Code   166  tasks.o(.text)
    xTaskIncrementTick                       0x08002a09   Thumb Code   252  tasks.o(.text)
    xTaskResumeAll                           0x08002b05   Thumb Code   282  tasks.o(.text)
    vTaskSuspendAll                          0x08002c9b   Thumb Code    12  tasks.o(.text)
    vTaskDelayUntil                          0x08002ca7   Thumb Code   106  tasks.o(.text)
    vTaskDelay                               0x08002d11   Thumb Code    46  tasks.o(.text)
    uxTaskPriorityGet                        0x08002d3f   Thumb Code    30  tasks.o(.text)
    uxTaskPriorityGetFromISR                 0x08002d5d   Thumb Code    52  tasks.o(.text)
    vTaskPrioritySet                         0x08002d91   Thumb Code   216  tasks.o(.text)
    vTaskSwitchContext                       0x08002e69   Thumb Code    76  tasks.o(.text)
    vTaskSuspend                             0x08002eb5   Thumb Code   174  tasks.o(.text)
    vTaskResume                              0x08002fd9   Thumb Code   104  tasks.o(.text)
    xTaskResumeFromISR                       0x08003041   Thumb Code   130  tasks.o(.text)
    vTaskStartScheduler                      0x0800311f   Thumb Code    72  tasks.o(.text)
    vTaskEndScheduler                        0x08003167   Thumb Code    32  tasks.o(.text)
    xTaskGetTickCount                        0x08003187   Thumb Code     6  tasks.o(.text)
    xTaskGetTickCountFromISR                 0x0800318d   Thumb Code     8  tasks.o(.text)
    uxTaskGetNumberOfTasks                   0x08003195   Thumb Code     6  tasks.o(.text)
    pcTaskGetName                            0x0800319b   Thumb Code    20  tasks.o(.text)
    vTaskPlaceOnEventList                    0x080031af   Thumb Code    28  tasks.o(.text)
    vTaskPlaceOnUnorderedEventList           0x080031cb   Thumb Code    40  tasks.o(.text)
    xTaskRemoveFromEventList                 0x080031f3   Thumb Code   104  tasks.o(.text)
    vTaskRemoveFromUnorderedEventList        0x0800325b   Thumb Code    82  tasks.o(.text)
    vTaskSetTimeOutState                     0x080032ad   Thumb Code    26  tasks.o(.text)
    vTaskInternalSetTimeOutState             0x080032c7   Thumb Code    14  tasks.o(.text)
    xTaskCheckForTimeOut                     0x080032d5   Thumb Code    84  tasks.o(.text)
    vTaskMissedYield                         0x08003329   Thumb Code     8  tasks.o(.text)
    uxTaskResetEventItemValue                0x08003331   Thumb Code    24  tasks.o(.text)
    ulTaskNotifyTake                         0x08003349   Thumb Code   108  tasks.o(.text)
    xTaskNotifyWait                          0x080033b5   Thumb Code   226  tasks.o(.text)
    xTaskGenericNotify                       0x08003497   Thumb Code   180  tasks.o(.text)
    xTaskGenericNotifyFromISR                0x0800354b   Thumb Code   228  tasks.o(.text)
    vTaskNotifyGiveFromISR                   0x0800362f   Thumb Code   152  tasks.o(.text)
    xTaskNotifyStateClear                    0x080036c7   Thumb Code    48  tasks.o(.text)
    api_GetSystemTimePeriod                  0x08003715   Thumb Code    30  apilib.o(.text)
    api_GetCurrentSystemTime                 0x08003733   Thumb Code     6  apilib.o(.text)
    api_UART1_SendData                       0x08003739   Thumb Code    58  apilib.o(.text)
    api_UART1_MainBoard_SendCMDData          0x08003773   Thumb Code    86  apilib.o(.text)
    api_ClearUART1ReceiveFlag                0x080037c9   Thumb Code    20  apilib.o(.text)
    api_UART1_ReceiveData                    0x080037dd   Thumb Code   528  apilib.o(.text)
    api_UART2_SendData                       0x080039ed   Thumb Code    44  apilib.o(.text)
    api_UART2_Display_SendCMDData            0x08003a19   Thumb Code    70  apilib.o(.text)
    api_ClearUART2ReceiveFlag                0x08003a5f   Thumb Code    20  apilib.o(.text)
    api_UART2_ReceiveData                    0x08003a73   Thumb Code   392  apilib.o(.text)
    api_MachinePowerOn                       0x08003bfb   Thumb Code    12  apilib.o(.text)
    api_Control_Motor                        0x08003c07   Thumb Code   522  apilib.o(.text)
    api_ReadGpioInputStauts                  0x08003e11   Thumb Code    68  apilib.o(.text)
    api_Check_PWM                            0x08003e55   Thumb Code   170  apilib.o(.text)
    api_Test_ADC                             0x08003eff   Thumb Code   182  apilib.o(.text)
    api_Check_Avoid_Bump_Status              0x08003fb5   Thumb Code   252  apilib.o(.text)
    api_Send_Signal                          0x080040b1   Thumb Code   348  apilib.o(.text)
    api_Led_Status_Set                       0x0800420d   Thumb Code    56  apilib.o(.text)
    api_Led_Control                          0x08004245   Thumb Code   272  apilib.o(.text)
    TimerDetection                           0x0800439d   Thumb Code   114  tk_timercontroller.o(.text)
    TK_TimerController                       0x0800440f   Thumb Code    50  tk_timercontroller.o(.text)
    api_SendCMD_To_MainBoard                 0x08004449   Thumb Code   158  tk_testcontroller.o(.text)
    TK_TestController                        0x080044e7   Thumb Code   590  tk_testcontroller.o(.text)
    api_SendCMD_To_Display                   0x08004735   Thumb Code   112  tk_testcontroller.o(.text)
    NVIC_Configure                           0x080047bd   Thumb Code    12  bsp.o(.text)
    HSI_SystemClock                          0x080047c9   Thumb Code    86  bsp.o(.text)
    HSE_SystemClock                          0x0800481f   Thumb Code    86  bsp.o(.text)
    RCC_Configure                            0x08004875   Thumb Code    90  bsp.o(.text)
    IWDG_Configure                           0x080048cf   Thumb Code    30  bsp.o(.text)
    Systick_Configure                        0x080048ed   Thumb Code    88  bsp.o(.text)
    TIM2_Configure                           0x08004945   Thumb Code    86  bsp.o(.text)
    TIM3_Configure                           0x0800499b   Thumb Code    84  bsp.o(.text)
    TIM4_Configure                           0x080049ef   Thumb Code    82  bsp.o(.text)
    TIM5_Configure                           0x08004a41   Thumb Code    84  bsp.o(.text)
    GPIO_Configure                           0x08004a95   Thumb Code   364  bsp.o(.text)
    UART1_Configure                          0x08004c01   Thumb Code   224  bsp.o(.text)
    UART2_Configure                          0x08004ce1   Thumb Code   142  bsp.o(.text)
    ADC1_Configure                           0x08004d6f   Thumb Code   300  bsp.o(.text)
    TIM1_PWM_Configure                       0x08004e9b   Thumb Code   150  bsp.o(.text)
    TIM5_PWM_Configure                       0x08004f31   Thumb Code   140  bsp.o(.text)
    BSP_Init                                 0x08004fbd   Thumb Code    40  bsp.o(.text)
    Param_Init                               0x08004fe5   Thumb Code   600  bsp.o(.text)
    prvSetupHardware                         0x0800523d   Thumb Code    12  bsp.o(.text)
    vCreateTaskManager                       0x08005255   Thumb Code    44  main.o(.text)
    vCreateQueueAndSemphr                    0x08005281   Thumb Code     2  main.o(.text)
    main                                     0x08005283   Thumb Code    22  main.o(.text)
    vApplicationTickHook                     0x08005299   Thumb Code   148  main.o(.text)
    NMI_Handler                              0x0800535d   Thumb Code     2  stm32f10x_it.o(.text)
    HardFault_Handler                        0x0800535f   Thumb Code     4  stm32f10x_it.o(.text)
    MemManage_Handler                        0x08005363   Thumb Code     4  stm32f10x_it.o(.text)
    BusFault_Handler                         0x08005367   Thumb Code     4  stm32f10x_it.o(.text)
    UsageFault_Handler                       0x0800536b   Thumb Code     4  stm32f10x_it.o(.text)
    DebugMon_Handler                         0x0800536f   Thumb Code     2  stm32f10x_it.o(.text)
    TIM2_IRQHandler                          0x08005371   Thumb Code   150  stm32f10x_it.o(.text)
    TIM3_IRQHandler                          0x08005407   Thumb Code    48  stm32f10x_it.o(.text)
    TIM4_IRQHandler                          0x08005437   Thumb Code    20  stm32f10x_it.o(.text)
    TIM5_IRQHandler                          0x0800544b   Thumb Code  1200  stm32f10x_it.o(.text)
    USART1_IRQHandler                        0x080058fb   Thumb Code   192  stm32f10x_it.o(.text)
    USART2_IRQHandler                        0x080059bb   Thumb Code   194  stm32f10x_it.o(.text)
    __aeabi_memset                           0x08005a91   Thumb Code    14  memseta.o(.text)
    __aeabi_memset4                          0x08005a91   Thumb Code     0  memseta.o(.text)
    __aeabi_memset8                          0x08005a91   Thumb Code     0  memseta.o(.text)
    __aeabi_memclr                           0x08005a9f   Thumb Code     4  memseta.o(.text)
    __aeabi_memclr4                          0x08005a9f   Thumb Code     0  memseta.o(.text)
    __aeabi_memclr8                          0x08005a9f   Thumb Code     0  memseta.o(.text)
    _memset$wrapper                          0x08005aa3   Thumb Code    18  memseta.o(.text)
    __aeabi_fmul                             0x08005ab5   Thumb Code   108  fmul.o(.text)
    __aeabi_fdiv                             0x08005b21   Thumb Code   128  fdiv.o(.text)
    __aeabi_ui2f                             0x08005ba1   Thumb Code    10  ffltui.o(.text)
    __aeabi_f2uiz                            0x08005bab   Thumb Code    40  ffixui.o(.text)
    __I$use$fp                               0x08005bd3   Thumb Code     0  iusefp.o(.text)
    _float_round                             0x08005bd3   Thumb Code    18  fepilogue.o(.text)
    _float_epilogue                          0x08005be5   Thumb Code    90  fepilogue.o(.text)
    __scatterload                            0x08005c41   Thumb Code    28  init.o(.text)
    __scatterload_rt2                        0x08005c41   Thumb Code     0  init.o(.text)
    __scatterload_copy                       0x08005c65   Thumb Code    14  handlers.o(i.__scatterload_copy)
    __scatterload_null                       0x08005c73   Thumb Code     2  handlers.o(i.__scatterload_null)
    __scatterload_zeroinit                   0x08005c75   Thumb Code    14  handlers.o(i.__scatterload_zeroinit)
    Region$$Table$$Base                      0x08005c84   Number         0  anon$$obj.o(Region$$Table)
    Region$$Table$$Limit                     0x08005ca4   Number         0  anon$$obj.o(Region$$Table)
    SystemCoreClock                          0x20000000   Data           4  system_stm32f10x.o(.data)
    AHBPrescTable                            0x20000004   Data          16  system_stm32f10x.o(.data)
    pxCurrentTCB                             0x20000044   Data           4  tasks.o(.data)
    xTaskTimer                               0x20000088   Data           4  main.o(.data)
    xTaskTest                                0x2000008c   Data           4  main.o(.data)
    mMaininf                                 0x20004194   Data         924  main.o(.bss)
    ADCValue                                 0x20004530   Data          16  main.o(.bss)
    __initial_sp                             0x20004940   Data           0  startup_stm32f10x_hd.o(STACK)



==============================================================================

Memory Map of the image

  Image Entry point : 0x08000131

  Load Region LR_IROM1 (Base: 0x08000000, Size: 0x00005d34, Max: 0x00040000, ABSOLUTE)

    Execution Region ER_IROM1 (Base: 0x08000000, Size: 0x00005ca4, Max: 0x00040000, ABSOLUTE)

    Base Addr    Size         Type   Attr      Idx    E Section Name        Object

    0x08000000   0x00000130   Data   RO          116    RESET               startup_stm32f10x_hd.o
    0x08000130   0x00000000   Code   RO          784  * .ARM.Collect$$$$00000000  mc_w.l(entry.o)
    0x08000130   0x00000004   Code   RO          801    .ARM.Collect$$$$00000001  mc_w.l(entry2.o)
    0x08000134   0x00000004   Code   RO          804    .ARM.Collect$$$$00000004  mc_w.l(entry5.o)
    0x08000138   0x00000000   Code   RO          806    .ARM.Collect$$$$00000008  mc_w.l(entry7b.o)
    0x08000138   0x00000000   Code   RO          808    .ARM.Collect$$$$0000000A  mc_w.l(entry8b.o)
    0x08000138   0x00000008   Code   RO          809    .ARM.Collect$$$$0000000B  mc_w.l(entry9a.o)
    0x08000140   0x00000000   Code   RO          811    .ARM.Collect$$$$0000000D  mc_w.l(entry10a.o)
    0x08000140   0x00000000   Code   RO          813    .ARM.Collect$$$$0000000F  mc_w.l(entry11a.o)
    0x08000140   0x00000004   Code   RO          802    .ARM.Collect$$$$00002712  mc_w.l(entry2.o)
    0x08000144   0x00000096   Code   RO          422    .emb_text           port.o
    0x080001da   0x00000002   PAD
    0x080001dc   0x000001dc   Code   RO           17    .text               system_stm32f10x.o
    0x080003b8   0x00000024   Code   RO          117    .text               startup_stm32f10x_hd.o
    0x080003dc   0x000000dc   Code   RO          121    .text               misc.o
    0x080004b8   0x0000044e   Code   RO          156    .text               stm32f10x_adc.o
    0x08000906   0x00000002   PAD
    0x08000908   0x00000250   Code   RO          240    .text               stm32f10x_dma.o
    0x08000b58   0x00000358   Code   RO          288    .text               stm32f10x_gpio.o
    0x08000eb0   0x00000040   Code   RO          312    .text               stm32f10x_iwdg.o
    0x08000ef0   0x000003a4   Code   RO          336    .text               stm32f10x_rcc.o
    0x08001294   0x00000e1a   Code   RO          386    .text               stm32f10x_tim.o
    0x080020ae   0x00000002   PAD
    0x080020b0   0x00000408   Code   RO          398    .text               stm32f10x_usart.o
    0x080024b8   0x000000f0   Code   RO          423    .text               port.o
    0x080025a8   0x00000124   Code   RO          470    .text               heap_2.o
    0x080026cc   0x00000094   Code   RO          506    .text               list.o
    0x08002760   0x00000fb4   Code   RO          548    .text               tasks.o
    0x08003714   0x00000c88   Code   RO          582    .text               apilib.o
    0x0800439c   0x000000ac   Code   RO          647    .text               tk_timercontroller.o
    0x08004448   0x00000374   Code   RO          668    .text               tk_testcontroller.o
    0x080047bc   0x00000a98   Code   RO          701    .text               bsp.o
    0x08005254   0x00000108   Code   RO          722    .text               main.o
    0x0800535c   0x00000734   Code   RO          753    .text               stm32f10x_it.o
    0x08005a90   0x00000024   Code   RO          789    .text               mc_w.l(memseta.o)
    0x08005ab4   0x0000006c   Code   RO          793    .text               mf_w.l(fmul.o)
    0x08005b20   0x00000080   Code   RO          795    .text               mf_w.l(fdiv.o)
    0x08005ba0   0x0000000a   Code   RO          797    .text               mf_w.l(ffltui.o)
    0x08005baa   0x00000028   Code   RO          799    .text               mf_w.l(ffixui.o)
    0x08005bd2   0x00000000   Code   RO          815    .text               mc_w.l(iusefp.o)
    0x08005bd2   0x0000006c   Code   RO          816    .text               mf_w.l(fepilogue.o)
    0x08005c3e   0x00000002   PAD
    0x08005c40   0x00000024   Code   RO          818    .text               mc_w.l(init.o)
    0x08005c64   0x0000000e   Code   RO          822    i.__scatterload_copy  mc_w.l(handlers.o)
    0x08005c72   0x00000002   Code   RO          823    i.__scatterload_null  mc_w.l(handlers.o)
    0x08005c74   0x0000000e   Code   RO          824    i.__scatterload_zeroinit  mc_w.l(handlers.o)
    0x08005c82   0x00000002   PAD
    0x08005c84   0x00000020   Data   RO          820    Region$$Table       anon$$obj.o


    Execution Region RW_IRAM1 (Base: 0x20000000, Size: 0x00004940, Max: 0x0000c000, ABSOLUTE)

    Base Addr    Size         Type   Attr      Idx    E Section Name        Object

    0x20000000   0x00000014   Data   RW           18    .data               system_stm32f10x.o
    0x20000014   0x00000014   Data   RW          337    .data               stm32f10x_rcc.o
    0x20000028   0x00000004   Data   RW          424    .data               port.o
    0x2000002c   0x00000018   Data   RW          472    .data               heap_2.o
    0x20000044   0x0000003c   Data   RW          550    .data               tasks.o
    0x20000080   0x00000001   Data   RW          702    .data               bsp.o
    0x20000081   0x00000003   PAD
    0x20000084   0x0000000c   Data   RW          724    .data               main.o
    0x20000090   0x00004000   Zero   RW          471    .bss                heap_2.o
    0x20004090   0x00000104   Zero   RW          549    .bss                tasks.o
    0x20004194   0x000003ac   Zero   RW          723    .bss                main.o
    0x20004540   0x00000400   Zero   RW          114    STACK               startup_stm32f10x_hd.o


==============================================================================

Image component sizes


      Code (inc. data)   RO Data    RW Data    ZI Data      Debug   Object Name

      3208        254          0          0          0       7494   apilib.o
      2712        136          0          1          0      21352   bsp.o
         0          0          0          0          0       4244   core_cm3.o
       292         20          0         24      16384      12704   heap_2.o
       148          0          0          0          0       1870   list.o
       264         48          0         12        940       5450   main.o
       220         20          0          0          0     216005   misc.o
       390         30          0          4          0       9204   port.o
        36          8        304          0       1024        812   startup_stm32f10x_hd.o
      1102         26          0          0          0      10969   stm32f10x_adc.o
       592          8          0          0          0       4462   stm32f10x_dma.o
       856         40          0          0          0       5773   stm32f10x_gpio.o
      1844         74          0          0          0       2327   stm32f10x_it.o
        64          6          0          0          0       1325   stm32f10x_iwdg.o
       932         44          0         20          0       8992   stm32f10x_rcc.o
      3610         88          0          0          0      22264   stm32f10x_tim.o
      1032         22          0          0          0       8504   stm32f10x_usart.o
       476         36          0         20          0      55687   system_stm32f10x.o
      4020        262          0         60        260      26776   tasks.o
       884         24          0          0          0       1728   tk_testcontroller.o
       172          8          0          0          0        776   tk_timercontroller.o

    ----------------------------------------------------------------------
     22860       1154        336        144      18608     428718   Object Totals
         0          0         32          0          0          0   (incl. Generated)
         6          0          0          3          0          0   (incl. Padding)

    ----------------------------------------------------------------------

      Code (inc. data)   RO Data    RW Data    ZI Data      Debug   Library Member Name

         0          0          0          0          0          0   entry.o
         0          0          0          0          0          0   entry10a.o
         0          0          0          0          0          0   entry11a.o
         8          4          0          0          0          0   entry2.o
         4          0          0          0          0          0   entry5.o
         0          0          0          0          0          0   entry7b.o
         0          0          0          0          0          0   entry8b.o
         8          4          0          0          0          0   entry9a.o
        30          0          0          0          0          0   handlers.o
        36          8          0          0          0         68   init.o
         0          0          0          0          0          0   iusefp.o
        36          0          0          0          0        108   memseta.o
       128          0          0          0          0         88   fdiv.o
       108          0          0          0          0        168   fepilogue.o
        40          0          0          0          0         68   ffixui.o
        10          0          0          0          0         68   ffltui.o
       108          0          0          0          0         76   fmul.o

    ----------------------------------------------------------------------
       520         16          0          0          0        644   Library Totals
         4          0          0          0          0          0   (incl. Padding)

    ----------------------------------------------------------------------

      Code (inc. data)   RO Data    RW Data    ZI Data      Debug   Library Name

       122         16          0          0          0        176   mc_w.l
       394          0          0          0          0        468   mf_w.l

    ----------------------------------------------------------------------
       520         16          0          0          0        644   Library Totals

    ----------------------------------------------------------------------

==============================================================================


      Code (inc. data)   RO Data    RW Data    ZI Data      Debug   

     23380       1170        336        144      18608     426762   Grand Totals
     23380       1170        336        144      18608     426762   ELF Image Totals
     23380       1170        336        144          0          0   ROM Totals

==============================================================================

    Total RO  Size (Code + RO Data)                23716 (  23.16kB)
    Total RW  Size (RW Data + ZI Data)             18752 (  18.31kB)
    Total ROM Size (Code + RO Data + RW Data)      23860 (  23.30kB)

==============================================================================

